// Jest Snapshot v1, https://goo.gl/fbAQLP

exports[`Navigation bar should render Navbar 1`] = `ShallowWrapper {}`;
