// Jest Snapshot v1, https://goo.gl/fbAQLP

exports[`Movie Row should render Movie Row 1`] = `ReactWrapper {}`;
