// Jest Snapshot v1, https://goo.gl/fbAQLP

exports[`NOT Found PAge should render page 1`] = `ShallowWrapper {}`;
