// Jest Snapshot v1, https://goo.gl/fbAQLP

exports[`Movie Card should render 1`] = `ShallowWrapper {}`;
